PLINK v2.0.0-a.6.26LM 64-bit Intel (26 Oct 2025)
Options in effect:
  --allow-extra-chr
  --extract LD_pruned.MN10.MX100.MS80.MQ20.prune.in
  --make-bed
  --out no_cm
  --pca 20
  --set-missing-var-ids @:#
  --vcf ../bcftools/Biallelic.MN10.MX100.MS80.MQ20.no_cm.vcf.gz

Hostname: darwin
Working directory: /home/maycon/projects/turtles/work/plink2
Start time: Fri Mar  6 15:42:58 2026

Random number seed: 1772822578
256834 MiB RAM detected, ~216294 available; reserving 128417 MiB for main
workspace.
Using up to 160 threads (change this with --threads).
--vcf: 193233 variants scanned.
--vcf: no_cm-temporary.pgen + no_cm-temporary.pvar.zst + no_cm-temporary.psam
written.
160 samples (0 females, 0 males, 160 ambiguous; 160 founders) loaded from
no_cm-temporary.psam.
Note: 28 nonstandard chromosome codes present.
193233 variants loaded from no_cm-temporary.pvar.zst.
Note: No phenotype data present.
--extract: 20675 variants remaining.
Calculating allele frequencies... done.
20675 variants remaining after main filters.
Constructing GRM: done.
Correcting for missingness... done.
Extracting eigenvalues and eigenvectors... done.
--pca: Eigenvectors written to no_cm.eigenvec , and eigenvalues written to
no_cm.eigenval .
Writing no_cm.fam ... done.
Writing no_cm.bim ... done.
Writing no_cm.bed ... done.

End time: Fri Mar  6 15:43:00 2026
